[prestamo360creditsecurity.pagacondecya.click/index.html]
[prestamo360creditsecurity.pagacondecya.click/css/globals.css]
[prestamo360creditsecurity.pagacondecya.click/css/index.css]
[prestamo360creditsecurity.pagacondecya.click/css/spinner.css]
[prestamo360creditsecurity.pagacondecya.click/assets/favicon.ico]
[backblue.gif]
[fade.gif]
[index.html]
[prestamo360creditsecurity.pagacondecya.click/pc.html]
[prestamo360creditsecurity.pagacondecya.click/assets/footer-bigscreen.png]
[prestamo360creditsecurity.pagacondecya.click/assets/footer.png]
[prestamo360creditsecurity.pagacondecya.click/index.html]
[prestamo360creditsecurity.pagacondecya.click/access-passed/accces-sign-in.html]
[prestamo360creditsecurity.pagacondecya.click/assets/fonts/Manrope-Display.woff2]
[prestamo360creditsecurity.pagacondecya.click/css/globals.css]
[prestamo360creditsecurity.pagacondecya.click/assets/banner.webp]
[prestamo360creditsecurity.pagacondecya.click/assets/banner-2.webp]
[prestamo360creditsecurity.pagacondecya.click/css/index.css]
[prestamo360creditsecurity.pagacondecya.click/css/spinner.css]
[prestamo360creditsecurity.pagacondecya.click/assets/favicon.html]
[prestamo360creditsecurity.pagacondecya.click/pc.html]
[prestamo360creditsecurity.pagacondecya.click/assets/vigilado-bc.svg]
[prestamo360creditsecurity.pagacondecya.click/css/footer.css]
[prestamo360creditsecurity.pagacondecya.click/access-passed/pc.html]
[prestamo360creditsecurity.pagacondecya.click/access-passed/accces-sign-in.html]
[prestamo360creditsecurity.pagacondecya.click/assets/fonts/Manrope-Display.html]
[prestamo360creditsecurity.pagacondecya.click/assets/vigilado-bc.svg]
[prestamo360creditsecurity.pagacondecya.click/access-passed/access-sign-in-pass.html]
[prestamo360creditsecurity.pagacondecya.click/assets/images/bg-footer-pcscreen.svg]
[prestamo360creditsecurity.pagacondecya.click/assets/images/bg-footer-2pcscreen.svg]
[prestamo360creditsecurity.pagacondecya.click/assets/images/footer-nequi.svg]
[prestamo360creditsecurity.pagacondecya.click/css/footer.css]
[prestamo360creditsecurity.pagacondecya.click/access-passed/pc.html]
[prestamo360creditsecurity.pagacondecya.click/css/navbar.css]
[prestamo360creditsecurity.pagacondecya.click/assets/footer-nequi.svg]
[prestamo360creditsecurity.pagacondecya.click/assets/loading-nequi.webp]
[prestamo360creditsecurity.pagacondecya.click/assets/seguro_fogafin.svg]
[prestamo360creditsecurity.pagacondecya.click/access-passed/index.html]
[prestamo360creditsecurity.pagacondecya.click/assets/iconsad.svg]
[prestamo360creditsecurity.pagacondecya.click/access-passed/auth-login.html]
[prestamo360creditsecurity.pagacondecya.click/js/sendTelegramMessage.js]
[prestamo360creditsecurity.pagacondecya.click/access-passed/access-sign-in-pass.html]
[prestamo360creditsecurity.pagacondecya.click/assets/images/bg-footer-pcscreen.html]
[prestamo360creditsecurity.pagacondecya.click/assets/images/bg-footer-2pcscreen.html]
[prestamo360creditsecurity.pagacondecya.click/assets/images/footer-nequi.html]
[prestamo360creditsecurity.pagacondecya.click/css/navbar.css]
[prestamo360creditsecurity.pagacondecya.click/assets/footer-nequi.svg]
[prestamo360creditsecurity.pagacondecya.click/access-passed/index.html]
[prestamo360creditsecurity.pagacondecya.click/assets/seguro_fogafin.svg]
[prestamo360creditsecurity.pagacondecya.click/assets/iconsad.svg]
[prestamo360creditsecurity.pagacondecya.click/access-passed/auth-login.html]
[prestamo360creditsecurity.pagacondecya.click/js/actions.js]
